------------------------------------------------------------
Timing Analyzer Summary
------------------------------------------------------------

Type  : Slow 1100mV 85C Model Setup 'clk'
Slack : -83.565
TNS   : -23575.704

Type  : Slow 1100mV 85C Model Hold 'clk'
Slack : 0.218
TNS   : 0.000

Type  : Slow 1100mV 85C Model Minimum Pulse Width 'clk'
Slack : -0.394
TNS   : -1007.425

Type  : Slow 1100mV 0C Model Setup 'clk'
Slack : -81.849
TNS   : -22908.617

Type  : Slow 1100mV 0C Model Hold 'clk'
Slack : 0.264
TNS   : 0.000

Type  : Slow 1100mV 0C Model Minimum Pulse Width 'clk'
Slack : -0.394
TNS   : -1071.384

Type  : Fast 1100mV 85C Model Setup 'clk'
Slack : -50.831
TNS   : -13648.540

Type  : Fast 1100mV 85C Model Hold 'clk'
Slack : 0.140
TNS   : 0.000

Type  : Fast 1100mV 85C Model Minimum Pulse Width 'clk'
Slack : -0.086
TNS   : -106.914

Type  : Fast 1100mV 0C Model Setup 'clk'
Slack : -45.279
TNS   : -12030.504

Type  : Fast 1100mV 0C Model Hold 'clk'
Slack : 0.146
TNS   : 0.000

Type  : Fast 1100mV 0C Model Minimum Pulse Width 'clk'
Slack : -0.085
TNS   : -122.984

------------------------------------------------------------
